// Vitest Snapshot v1

exports[`dark mode, should generate dark mode css 1`] = `
"
  :root {
    --scrollbar-width: 8px;
    --scrollbar-height: 8px;
    --scrollbar-track-radius: 4px;
    --scrollbar-thumb-radius: 4px;
    --scrollbar-track-color: #f5f5f5;
    --scrollbar-thumb-color: #ccc;
    --scrollbar-thumb-hover-color: #999;
    scrollbar-color: var(--scrollbar-thumb-color) var(--scrollbar-track-color);
    scrollbar-width: thin;
  }
  "
`;
